dpo 1/27
dpo 2/27
dpo 3/27
dpo 4/27
dpo 5/27
dpo 6/27
dpo 7/27
dpo 8/27
dpo 9/27
dpo 10/27
dpo 11/27
dpo 12/27
dpo 13/27
dpo 14/27
dpo 15/27
dpo 16/27
dpo 17/27
dpo 18/27
dpo 19/27
dpo 20/27
dpo 21/27
dpo 22/27
dpo 23/27
dpo 24/27
dpo 25/27
dpo 26/27
dpo 27/27
runbook: This Bash command contains multiple oper
runbook: Contains brace with quote character (exp
runbook: Exit code 1
Traceback (most recent call 
runbook: This command requires approval
runbook: rm in '/Users/junghunkim/orca/workspaces
batch complete
